# insert columns will always have the region_id added to the front, and the value added to the end
# long_name postgres_table_name (insert_columns,...)

# Lines are of the format:
#
#     datapack_file datapack_field_long_name_expression target_table_name target_values
#
# where,
#
#  

##
## Basic Community Profile
##

B03 Counted_at_home_on_Census_Night_Age_[:age_d:] bcp_place_of_usual_residence_on_census_night (\age_d, counted_at_home, NULL)
B03 Visitor_from_Same_Statistical_Area_Level_2_SA2_Age_[:age_d:] bcp_place_of_usual_residence_on_census_night (\age_d, visitor_from_same_sa2, NULL)
B03 Visitor_from_Different_SA2_In_New_South_Wales_Age_[:age_d:] bcp_place_of_usual_residence_on_census_night (\age_d, visitor_from_different_sa2_nsw, 1)
B03 Visitor_from_Different_SA2_In_Victoria_Age_[:age_d:] bcp_place_of_usual_residence_on_census_night (\age_d, visitor_from_different_sa2_vic, 2)
B03 Visitor_from_Different_SA2_In_Queensland_Age_[:age_d:] bcp_place_of_usual_residence_on_census_night (\age_d, visitor_from_different_sa2_qld, 3)
B03 Visitor_from_Different_SA2_In_South_Australia_Age_[:age_d:] bcp_place_of_usual_residence_on_census_night (\age_d, visitor_from_different_sa2_sa, 4)
B03 Visitor_from_Different_SA2_In_Western_Australia_Age_[:age_d:] bcp_place_of_usual_residence_on_census_night (\age_d, visitor_from_different_sa2_wa, 5)
B03 Visitor_from_Different_SA2_In_Tasmania_Age_[:age_d:] bcp_place_of_usual_residence_on_census_night (\age_d, visitor_from_different_sa2_tas, 6)
B03 Visitor_from_Different_SA2_In_Northern_Territory_Age_[:age_d:] bcp_place_of_usual_residence_on_census_night (\age_d, visitor_from_different_sa2_nt, 7)
B03 Visitor_from_Different_SA2_In_Australian_Capital_Territory_Age_[:age_d:] bcp_place_of_usual_residence_on_census_night (\age_d, visitor_from_different_sa2_act, 8)
B03 Visitor_from_Different_SA2_In_Other_Territories_Age_[:age_d:] bcp_place_of_usual_residence_on_census_night (\age_d, visitor_from_different_sa2_oth, 9)

B04 Age_years_[:age_a:]_[:sex:] bcp_age (\age_a, \sex)

B05 [:sex:]_[:age_c:]_{db:census_2011.registered_marital_status} bcp_registered_marital_status (\age_c, \sex, \db:census_2011.registered_marital_status)

B06 [:sex:]_[:age_c:]_{db:census_2011.social_marital_status} bcp_social_marital_status (\age_c, \sex, \db:census_2011.social_marital_status)

B07 [:age_h:]_{ynn:Indigenous|Non_Indigenous|Indigenous_status_not_stated}_[:sex:] bcp_indigenous_status (\age_h, \sex, \ynn)

B08 {db:census_2011.ancestry}_{db:census_2011.parent_birthplace_combination} bcp_ancestry (\db:census_2011.parent_birthplace_combination, \db:census_2011.ancestry)

B09 {db:census_2011.birthplace}_[:sex:] bcp_country_of_birth_of_person_by_sex (\sex, \db:census_2011.birthplace})

# The error checker will report Australia not found, because we are using Birthplace which includes Australia, but this table excludes it.
B10 {db:census_2011.birthplace}_Year_of_arrival_[:year_of_arrival_a:] bcp_country_of_birth_of_person_by_year_of_arrival (\year_of_arrival_a, \db:census_2011.birthplace)

B11 [:sex:]_{db:census_2011.english_proficiency}_Year_of_arrival_[:year_of_arrival_b:] bcp_proficiency_in_spoken_english (0, \sex, \db:census_2011.english_proficiency)

B12 Dependent_children_aged_[:age_f:]_female_parent_{db:census_2011.english_proficiency}_male_parent_{db:census_2011.english_proficiency} bcp_proficiency_in_spoken_english_of_parents (\age_f, \db:census_2011.english_proficiency, \db:census_2011.english_proficiency)

B13 Speaks_English_only_[:sex:] bcp_language_spoken_at_home (\sex, english_only)
B13 Speaks_other_language_{db:census_2011.language}_[:sex:] bcp_language_spoken_at_home (\sex, \db:census_2011.language)
B13 Language_spoken_at_home_not_stated_[:sex:] bcp_language_spoken_at_home (\sex, not_stated)

B14 {db:census_2011.religious_affiliation}_[:sex:] (\sex, \db:census_2011.religious_affiliation)

B15 {db:census_2011.educational_institution}_[:sex:] bcp_type_of_educational_institution_attending (\sex, \db:census_2011.educational_institution)

B16 [:sex:]_{db:census_2011.school_year}_Age_[:age_c:] bcp_highest_year_of_school_completed (\sex, \age_c, \db:census_2011.school_year)

B17 [:sex:]_[:income_band:]_Age_[:age_c:] bcp_total_personal_income (\age_c, \sex, \income_band)

B18 [:sex:]_[:age_e:]_{ynn:Has_need_for_assistance|Does_not_have_need_for_assistance|Need_for_assistance_not_stated} bcp_core_activity_need_for_assistance (\age_e, \sex, \ynn)

B19 [:sex:]_[:age_c:]_{ynn:Volunteer|Not_a_volunteer|Voluntary_work_not_stated} bcp_voluntary_work_for_an_organisation_or_group (\age_c, \sex, \ynn)

B20 [:sex:]_[:age_c:]_Did_no_unpaid_domestic_work bcp_unpaid_domestic_work_number_of_hours (\age_c, \sex, 0)
B20 [:sex:]_[:age_c:]_Did_unpaid_domestic_work_Less_than_5_hours bcp_unpaid_domestic_work_number_of_hours (\age_c, \sex, 1)
B20 [:sex:]_[:age_c:]_Did_unpaid_domestic_work_5_14_hours bcp_unpaid_domestic_work_number_of_hours (\age_c, \sex, 2)
B20 [:sex:]_[:age_c:]_Did_unpaid_domestic_work_15_29_hours bcp_unpaid_domestic_work_number_of_hours (\age_c, \sex, 3)
B20 [:sex:]_[:age_c:]_Did_unpaid_domestic_work_30_hours_or_more bcp_unpaid_domestic_work_number_of_hours (\age_c, \sex, 4)
B20 [:sex:]_[:age_c:]_Unpaid_domestic_work_not_stated bcp_unpaid_domestic_work_number_of_hours (\age_c, \sex, 5)

B21 [:sex:]_[:age_c:]_{ynn:Provided_unpaid_assistance|No_unpaid_assistance_provided|Unpaid_assistance_not_stated} bcp_unpaid_assistance_to_a_person_with_a_disability (\age_c, \sex, \ynn)

B22 [:sex:]_[:age_c:]_{db:census_2011.child_care} bcp_unpaid_child_care (\age_c, \sex, \db:census_2011.child_care)

B23 [:sex:]_{db:census_2011.household_relationship}_Age_[:age_d:] bcp_relationship_in_houshold (\age_d, \sex, \db:census_2011.household_relationship)

B24 age_group_of_parent_[:age_g:]_Number_of_children_ever_born_{db:census_2011.number_of_children} bcp_number_of_children_ever_born (\age_g, \db:census_2011.number_of_children)

B25 Couple_family_with_{tf_1:|no_}children_under_15_and_{tf_2:|no_}dependent_students_and_{tf_3:|no_}non_dependent_children_Families bcp_family_composition_families (couple_family, \tf_1, \tf_2, \tf_3)
B25 One_parent_family_with_{tf_1:|no_}children_under_15_and_{tf_2:|no_}dependent_students_and_{tf_3:|no_}non_dependent_children_Families bcp_family_composition_families (one_parent_family, \tf_1, \tf_2, \tf_3)
B25 Couple_family_with_{tf_1:|no_}children_under_15_and_{tf_2:|no_}dependent_students_and_{tf_3:|no_}non_dependent_children_Persons bcp_family_composition_persons (couple_family, \tf_1, \tf_2, \tf_3)
B25 One_parent_family_with_{tf_1:|no_}children_under_15_and_{tf_2:|no_}dependent_students_and_{tf_3:|no_}non_dependent_children_Persons bcp_family_composition_persons (one_parent_family, \tf_1, \tf_2, \tf_3)
B25 Other_family_Families bcp_family_composition_families (other_family, false, false, false)
B25 Other_family_Persons bcp_family_composition_persons (other_family, false, false, false)

B26 [:family_income_band:]_{db:census_2011.family_type} bcp_total_family_income (\db:census_2011.family_type, \family_income_band)

B27 {db:census_2011.blended_family_type}_family_with_{tf:|no_}other_children_present_Families bcp_family_blending (\db:census_2011.blended_family_type, \tf)

B28 [:family_income_band:]_{tf:|Non_}Family_households census_2011.bcp_total_household_income (\family_income_band, \tf)

B29 Number_of_motor_vehicles_per_dwelling_{db:census_2011.number_of_motor_vehicles}_Dwellings bcp_number_of_motor_vehicles (\db:census_2011.number_of_motor_vehicles)
B29 Number_of_motor_vehicles_not_stated_Dwellings bcp_number_of_motor_vehicles (not_stated)

B30 Number_of_Persons_usually_resident_{db:census_2011.number_of_persons_usually_resident}_{tf:|Non_}Family_households bcp_household_composition (\db:census_2011.number_of_persons_usually_resident, \tf)

B31 Occupied_private_dwellings_{db:census_2011.dwelling_structure_extended_full}_Dwellings bcp_dwelling_structure (\db:census_2011.dwelling_structure_extended_full)
B31 Occupied_private_dwellings_{db:census_2011.dwelling_structure_extended_full}_Persons bcp_dwelling_structure (\db:census_2011.dwelling_structure_extended_full)
B31 Unoccupied_private_dwellings_Dwellings bcp_dwelling_structure (unoccupied)
B31 Unoccupied_private_dwellings_Persons bcp_dwelling_structure (unoccupied)

B32 {db:census_2011.tenure_landlord_type}_Dwelling_structure_{db:census_2011.dwelling_structure_simple} bcp_tenure_type_and_landlord_type (\db:census_2011.tenure_landlord_type, \db:census_2011.dwelling_structure_simple)

B33 [:mortgage_repayment_band:]_Dwelling_structure_{db:census_2011.dwelling_structure_simple} bcp_mortgage_repayment (\mortgage_repayment_band, \db:census_2011.dwelling_structure_simple)

B34 [:rental_payment_band:]_Landlord_type_{db:census_2011.landlord_type} bcp_rent (\rental_payment_band, \db:census_2011.landlord_type)

B35 [:internet_connection:]_Dwelling_structure_{db:census_2011.dwelling_structure_simple} bcp_type_of_internet_connection (\internet_connection, \db:census_2011.dwelling_structure_simple)

B36 {db:census_2011.dwelling_structure_extended_minimal}_Number_of_bedrooms_[:bedrooms:] bcp_dwelling_structure_by_number_of_bedrooms (\db:census_2011.dwelling_structure_extended_minimal, \bedrooms)

B38 Same_usual_address_1_year_ago_as_in_2011_[:sex:] bcp_place_of_usual_residence_1_year_ago (\sex, same_usual_address)
B38 Different_usual_address_1_year_ago_Same_Statistical_Area_Level_2_SA2_[:sex:] bcp_place_of_usual_residence_1_year_ago (\sex, different_usual_address_same_sa2)
B38 Different_usual_address_1_year_ago_Different_SA2_in_New_South_Wales_[:sex:] bcp_place_of_usual_residence_1_year_ago (\sex, different_usual_address_different_sa2_nsw, 1)
B38 Different_usual_address_1_year_ago_Different_SA2_in_Victoria_[:sex:] bcp_place_of_usual_residence_1_year_ago (\sex, different_usual_address_different_sa2_vic, 2)
B38 Different_usual_address_1_year_ago_Different_SA2_in_Queensland_[:sex:] bcp_place_of_usual_residence_1_year_ago (\sex, different_usual_address_different_sa2_qld, 3)
B38 Different_usual_address_1_year_ago_Different_SA2_in_South_Australia_[:sex:] bcp_place_of_usual_residence_1_year_ago (\sex, different_usual_address_different_sa2_sa, 4)
B38 Different_usual_address_1_year_ago_Different_SA2_in_Western_Australia_[:sex:] bcp_place_of_usual_residence_1_year_ago (\sex, different_usual_address_different_sa2_wa, 5)
B38 Different_usual_address_1_year_ago_Different_SA2_in_Tasmania_[:sex:] bcp_place_of_usual_residence_1_year_ago (\sex, different_usual_address_different_sa2_tas, 6)
B38 Different_usual_address_1_year_ago_Different_SA2_in_Northern_Territory_[:sex:] bcp_place_of_usual_residence_1_year_ago (\sex, different_usual_address_different_sa2_nt, 7)
B38 Different_usual_address_1_year_ago_Different_SA2_in_Australian_Capital_Territory_[:sex:] bcp_place_of_usual_residence_1_year_ago (\sex, different_usual_address_different_sa2_act, 8)
B38 Different_usual_address_1_year_ago_Different_SA2_in_Other_Territories_[:sex:] bcp_place_of_usual_residence_1_year_ago (\sex, different_usual_address_different_sa2_oth, 9)
B38 Different_usual_address_1_year_ago_Overseas_[:sex:] bcp_place_of_usual_residence_1_year_ago (\sex, different_usual_address_overseas)
B38 Different_usual_address_1_year_ago_Not_stated_[:sex:] bcp_place_of_usual_residence_1_year_ago (\sex, different_usual_address_not_stated)

B39 Same_usual_address_5_years_ago_as_in_2011_[:sex:] bcp_place_of_usual_residence_5_years_ago (\sex, same_usual_address)
B39 Different_usual_address_5_years_ago_Same_Statistical_Area_Level_2_SA2_[:sex:] bcp_place_of_usual_residence_5_years_ago (\sex, different_usual_address_same_sa2)
B39 Different_usual_address_5_years_ago_Different_SA2_in_New_South_Wales_[:sex:] bcp_place_of_usual_residence_5_years_ago (\sex, different_usual_address_different_sa2_nsw, 1)
B39 Different_usual_address_5_years_ago_Different_SA2_in_Victoria_[:sex:] bcp_place_of_usual_residence_5_years_ago (\sex, different_usual_address_different_sa2_vic, 2)
B39 Different_usual_address_5_years_ago_Different_SA2_in_Queensland_[:sex:] bcp_place_of_usual_residence_5_years_ago (\sex, different_usual_address_different_sa2_qld, 3)
B39 Different_usual_address_5_years_ago_Different_SA2_in_South_Australia_[:sex:] bcp_place_of_usual_residence_5_years_ago (\sex, different_usual_address_different_sa2_sa, 4)
B39 Different_usual_address_5_years_ago_Different_SA2_in_Western_Australia_[:sex:] bcp_place_of_usual_residence_5_years_ago (\sex, different_usual_address_different_sa2_wa, 5)
B39 Different_usual_address_5_years_ago_Different_SA2_in_Tasmania_[:sex:] bcp_place_of_usual_residence_5_years_ago (\sex, different_usual_address_different_sa2_tas, 6)
B39 Different_usual_address_5_years_ago_Different_SA2_in_Northern_Territory_[:sex:] bcp_place_of_usual_residence_5_years_ago (\sex, different_usual_address_different_sa2_nt, 7)
B39 Different_usual_address_5_years_ago_Different_SA2_in_Australian_Capital_Territory_[:sex:] bcp_place_of_usual_residence_5_years_ago (\sex, different_usual_address_different_sa2_act, 8)
B39 Different_usual_address_5_years_ago_Different_SA2_in_Other_Territories_[:sex:] bcp_place_of_usual_residence_5_years_ago (\sex, different_usual_address_different_sa2_oth, 9)
B39 Different_usual_address_5_years_ago_Overseas_[:sex:] bcp_place_of_usual_residence_5_years_ago (\sex, different_usual_address_overseas)
B39 Different_usual_address_5_years_ago_Not_stated_[:sex:] bcp_place_of_usual_residence_5_years_ago (\sex, different_usual_address_not_stated)

B40 [:sex:]_{db:census_2011.non_school_level_of_education}_Age_[:age_k:] bcp_non_school_qualification_level_of_education (\age_k, \sex, \db:census_2011.non_school_level_of_education)

B41 [:sex:]_{db:census_2011.field_of_study}_Age_[:age_k:] bcp_non_school_qualification_field_of_study (\age_k, \sex, \db:census_2011.field_of_study)

B42 [:sex:]_{db:census_2011.employment_status}_Age_[:age_c:] bcp_labour_force_status (\age_c, \sex, \db:census_2011.employment_status)

B43 [:sex:]_{db:census_2011.industry}_Age_[:age_c:] bcp_industry_of_employment (\age_c, \sex, \db:census_2011.industry)

B44 {db:census_2011.industry}_Occupation_{db:census_2011.occupation} bcp_industry_of_employment_by_occupation (\db:census_2011.industry, \db:census_2011.occupation)

B45 [:sex:]_[:age_c:]_Occupation_{db:census_2011.occupation} bcp_occupation (\age_c, \sex, \db:census_2011.occupation)

B46 {db:census_2011.method_of_travel}_[:sex:] bcp_method_of_travel_to_work (\sex, \db:census_2011.method_of_travel)


##
## Indigenous Profile
##

I02 {db:census_2011.indigenous_status}_[:sex:] ip_indigenous_status (\sex, \db:census_2011.indigenous_status)

I03 Age_years_[:age_b:]_{ynn:Indigenous|Non_Indigenous|Indigenous_status_not_stated}_[:sex:] ip_population (\age_b, \sex, \ynn)

I05 {db:census_2011.indigenous_educational_institution}_{ynn:Indigenous|Non_Indigenous|Indigenous_status_not_stated}_[:sex:] ip_type_of_educational_institution_attending (\sex, \db:census_2011.indigenous_educational_institution, \ynn)

I06 [:sex:]_{db:census_2011.school_year}_{ynn:Indigenous|Non_Indigenous|Indigenous_status_not_stated} ip_highest_year_of_school_completed (\sex, \db:census_2011.school_year, \ynn)

I07 [:indigenous_income_band:]_[:sex:] ip_personal_income (\sex, \indigenous_income_band)

I08 [:sex:]_[:age_i:]_{ynn:Has_need_for_assistance|Does_not_have_need_for_assistance|Need_for_assistance_not_stated} ip_core_activity_need_for_assistance (\age_i, \sex, \ynn)

I09 [:sex:]_[:age_l:]_{ynn:Provided_unpaid_assistance|No_unpaid_assistance_provided|Unpaid_assistance_not_stated} ip_unpaid_assistance_to_a_person_with_a_disability (\age_l, \sex, \ynn)

I10 {tf:Households_with_Indigenous_persons|Other_Households}_{db:census_2011.tenure_landlord_type}_Dwelling_structure_{db:census_2011.dwelling_structure_indigenous} ip_tenure_type_and_landlord_type (\db:census_2011.dwelling_structure_indigenous, \db:census_2011.tenure_landlord_type, \tf)

I11 [:internet_connection:]_{tf:Households_with_Indigenous_persons|Other_Households} ip_internet_connection_type (\tf, \internet_connection)

I12 {tf:Households_with_Indigenous_persons|Other_Households}_{db:census_2011.household_type}_Number_of_persons_usually_resident_{db:census_2011.number_of_persons_usually_resident} (\tf, \db:census_2011.houshold_type, \db:census_2011.number_of_persons_usually_resident)

I13 [:indigenous_household_income:]_{tf:Households_with_Indigenous_persons|Other_Households} ip_household_income (\tf, \indigenous_household_income)

#TODO I15 I16

##
## Time Series Profile
##

T03 Age_years_[:age_j:]_{db:census_2011.tsp_years}_Census_[:sex:] tsp_population (\age_j, \sex, \db:census_2011.tsp_years)

T04 {db:census_2011.tsp_years}_Census_[:age_g:]_{db:census_2011.registered_marital_status}_[:sex:] tsp_registered_marital_status (\age_g, \sex, \db:census_2011.registered_marital_status, \db:census_2011.tsp_years)

T05 {db:census_2011.tsp_years}_Census_[:age_g:]_{db:census_2011.social_marital_status}_[:sex:] tsp_social_marital_status (\age_g, \sex, \db:census_2011.social_marital_status, \db:census_2011.tsp_years)

T06 {db:census_2011.tsp_years}_Census_[:age_h:]_{ynn:Indigenous|Non_Indigenous|Indigenous_status_not_stated}_[:sex:] tsp_indigenous_status (\age_h, \sex, \ynn, \db:census_2011.tsp_years)

T08 {db:census_2011.birthplace}_{db:census_2011.tsp_years}_Census_[:sex:] tsp_country_of_birth_of_person (\sex, \db:census_2011.birthplace, \db:census_2011.tsp_years)

T09 {db:census_2011.tsp_years}_Census_{db:census_2011.ancestry}_{db:census_2011.parent_birthplace_combination} tsp_ancestry (\db:census_2011.ancestry, \db:census_2011.parent_birthplace_combination, \db:census_2011.tsp_years)

T10 Speaks_English_only_{db:census_2011.tsp_years}_Census_[:sex:] tsp_language_spoken_at_home (\sex, english_only, \db:census_2011.tsp_years)
T10 Speaks_other_language_{db:census_2011.language_tsp}_{db:census_2011.tsp_years}_Census_[:sex:] tsp_language_spoken_at_home (\sex, \db:census_2011.language_tsp, \db:census_2011.tsp_years)
T10 Language_spoken_at_home_not_stated_{db:census_2011.tsp_years}_Census_[:sex:] tsp_language_spoken_at_home (\sex, not_stated, \db:census_2011.tsp_years)

T13 {db:census_2011.educational_institution}_{db:census_2011.tsp_years}_Census_[:sex:] tsp_type_of_educational_institution_attending (\sex, \db:census_2011.educational_institution, \db:census_2011.tsp_years)

T14 {db:census_2011.tsp_years}_Census_{db:census_2011.dwelling_structure_extended_full}_{db:census_2011.household_type_simple}_{db:census_2011.family_type} tsp_dwelling_structure_by_household_comp_and_fam_comp (\db:census_2011.household_type_simple, \db:census_2011.family_type, \db:census_2011.dwelling_structure_extended_full, \db:census_2011.tsp_years)

T15 {db:census_2011.tsp_years}_Census_{db:census_2011.dwelling_structure_extended_full}_Number_of_persons_usually_resident_{db:census_2011.number_of_persons_usually_resident} tsp_dwelling_structure_by_num_persons_usually_resident (\db:census_2011.number_of_persons_usually_resident, \db:census_2011.dwelling_structure_extended_full, \db:census_2011.tsp_years)
